Component: ARM Compiler 5.06 update 5 (build 528) Tool: armlink [4d35e2]

==============================================================================

Section Cross References

    startup_mk64f12.o(RESET) refers to startup_mk64f12.o(.text) for Reset_Handler
    startup_mk64f12.o(.text) refers to startup_mk64f12.o(FlashConfig) for FlashConfig
    startup_mk64f12.o(.text) refers to startup_mk64f12.o(RESET) for __Vectors
    startup_mk64f12.o(.text) refers to system_mk64f12.o(i.SystemInit) for SystemInit
    startup_mk64f12.o(.text) refers to framework.o(Myprog) for __main
    system_mk64f12.o(i.SystemCoreClockUpdate) refers to system_mk64f12.o(.data) for SystemCoreClock


==============================================================================

Removing Unused input sections from the image.

    Removing system_mk64f12.o(.rev16_text), (4 bytes).
    Removing system_mk64f12.o(.revsh_text), (4 bytes).
    Removing system_mk64f12.o(.rrx_text), (6 bytes).
    Removing system_mk64f12.o(i.SystemCoreClockUpdate), (452 bytes).
    Removing system_mk64f12.o(.data), (4 bytes).

5 unused section(s) (total 470 bytes) removed from the image.

==============================================================================

Image Symbol Table

    Local Symbols

    Symbol Name                              Value     Ov Type        Size  Object(Section)

    RESET                                    0x00000000   Section     1024  startup_mk64f12.o(RESET)
    Framework.s                              0x00000000   Number         0  framework.o ABSOLUTE
    RTE\Device\MK64FN1M0VLL12\startup_MK64F12.s 0x00000000   Number         0  startup_mk64f12.o ABSOLUTE
    RTE\Device\MK64FN1M0VLL12\system_MK64F12.c 0x00000000   Number         0  system_mk64f12.o ABSOLUTE
    RTE\\Device\\MK64FN1M0VLL12\\system_MK64F12.c 0x00000000   Number         0  system_mk64f12.o ABSOLUTE
    FlashConfig                              0x00000400   Section       16  startup_mk64f12.o(FlashConfig)
    .text                                    0x00000410   Section      460  startup_mk64f12.o(.text)
    $v0                                      0x00000410   Number         0  startup_mk64f12.o(.text)
    Myprog                                   0x000005dc   Section      532  framework.o(Myprog)
    $v0                                      0x000005dc   Number         0  framework.o(Myprog)
    i.SystemInit                             0x000007f0   Section        0  system_mk64f12.o(i.SystemInit)

    Global Symbols

    Symbol Name                              Value     Ov Type        Size  Object(Section)

    BuildAttributes$$THM_ISAv4$E$P$D$K$B$S$7EM$VFPi3$EXTD16$VFPS$VFMA$PE$A:L22UL41UL21$X:L11$S22US41US21$IEEE1$IW$USESV6$~STKCKD$USESV7$~SHL$OSPACE$EBA8$STANDARDLIB$REQ8$EABIv2 0x00000000   Number         0  anon$$obj.o ABSOLUTE
    __Vectors                                0x00000000   Data           4  startup_mk64f12.o(RESET)
    __Vectors_End                            0x00000400   Data           0  startup_mk64f12.o(RESET)
    __Vectors_Size                           0x00000400   Number         0  startup_mk64f12.o ABSOLUTE
    Reset_Handler                            0x00000411   Thumb Code    24  startup_mk64f12.o(.text)
    NMI_Handler                              0x00000429   Thumb Code     2  startup_mk64f12.o(.text)
    HardFault_Handler                        0x0000042b   Thumb Code     2  startup_mk64f12.o(.text)
    MemManage_Handler                        0x0000042d   Thumb Code     2  startup_mk64f12.o(.text)
    BusFault_Handler                         0x0000042f   Thumb Code     2  startup_mk64f12.o(.text)
    UsageFault_Handler                       0x00000431   Thumb Code     2  startup_mk64f12.o(.text)
    SVC_Handler                              0x00000433   Thumb Code     2  startup_mk64f12.o(.text)
    DebugMon_Handler                         0x00000435   Thumb Code     2  startup_mk64f12.o(.text)
    PendSV_Handler                           0x00000437   Thumb Code     2  startup_mk64f12.o(.text)
    SysTick_Handler                          0x00000439   Thumb Code     2  startup_mk64f12.o(.text)
    DMA0_IRQHandler                          0x0000043b   Thumb Code     4  startup_mk64f12.o(.text)
    DMA1_IRQHandler                          0x0000043f   Thumb Code     4  startup_mk64f12.o(.text)
    DMA2_IRQHandler                          0x00000443   Thumb Code     4  startup_mk64f12.o(.text)
    DMA3_IRQHandler                          0x00000447   Thumb Code     4  startup_mk64f12.o(.text)
    DMA4_IRQHandler                          0x0000044b   Thumb Code     4  startup_mk64f12.o(.text)
    DMA5_IRQHandler                          0x0000044f   Thumb Code     4  startup_mk64f12.o(.text)
    DMA6_IRQHandler                          0x00000453   Thumb Code     4  startup_mk64f12.o(.text)
    DMA7_IRQHandler                          0x00000457   Thumb Code     4  startup_mk64f12.o(.text)
    DMA8_IRQHandler                          0x0000045b   Thumb Code     4  startup_mk64f12.o(.text)
    DMA9_IRQHandler                          0x0000045f   Thumb Code     4  startup_mk64f12.o(.text)
    DMA10_IRQHandler                         0x00000463   Thumb Code     4  startup_mk64f12.o(.text)
    DMA11_IRQHandler                         0x00000467   Thumb Code     4  startup_mk64f12.o(.text)
    DMA12_IRQHandler                         0x0000046b   Thumb Code     4  startup_mk64f12.o(.text)
    DMA13_IRQHandler                         0x0000046f   Thumb Code     4  startup_mk64f12.o(.text)
    DMA14_IRQHandler                         0x00000473   Thumb Code     4  startup_mk64f12.o(.text)
    DMA15_IRQHandler                         0x00000477   Thumb Code     4  startup_mk64f12.o(.text)
    DMA_Error_IRQHandler                     0x0000047b   Thumb Code     4  startup_mk64f12.o(.text)
    I2C0_IRQHandler                          0x0000047f   Thumb Code     4  startup_mk64f12.o(.text)
    I2C1_IRQHandler                          0x00000483   Thumb Code     4  startup_mk64f12.o(.text)
    SPI0_IRQHandler                          0x00000487   Thumb Code     4  startup_mk64f12.o(.text)
    SPI1_IRQHandler                          0x0000048b   Thumb Code     4  startup_mk64f12.o(.text)
    I2S0_Tx_IRQHandler                       0x0000048f   Thumb Code     4  startup_mk64f12.o(.text)
    I2S0_Rx_IRQHandler                       0x00000493   Thumb Code     4  startup_mk64f12.o(.text)
    UART0_LON_IRQHandler                     0x00000497   Thumb Code     4  startup_mk64f12.o(.text)
    UART0_RX_TX_IRQHandler                   0x0000049b   Thumb Code     4  startup_mk64f12.o(.text)
    UART0_ERR_IRQHandler                     0x0000049f   Thumb Code     4  startup_mk64f12.o(.text)
    UART1_RX_TX_IRQHandler                   0x000004a3   Thumb Code     4  startup_mk64f12.o(.text)
    UART1_ERR_IRQHandler                     0x000004a7   Thumb Code     4  startup_mk64f12.o(.text)
    UART2_RX_TX_IRQHandler                   0x000004ab   Thumb Code     4  startup_mk64f12.o(.text)
    UART2_ERR_IRQHandler                     0x000004af   Thumb Code     4  startup_mk64f12.o(.text)
    UART3_RX_TX_IRQHandler                   0x000004b3   Thumb Code     4  startup_mk64f12.o(.text)
    UART3_ERR_IRQHandler                     0x000004b7   Thumb Code     4  startup_mk64f12.o(.text)
    SPI2_IRQHandler                          0x000004bb   Thumb Code     4  startup_mk64f12.o(.text)
    UART4_RX_TX_IRQHandler                   0x000004bf   Thumb Code     4  startup_mk64f12.o(.text)
    UART4_ERR_IRQHandler                     0x000004c3   Thumb Code     4  startup_mk64f12.o(.text)
    UART5_RX_TX_IRQHandler                   0x000004c7   Thumb Code     4  startup_mk64f12.o(.text)
    UART5_ERR_IRQHandler                     0x000004cb   Thumb Code     4  startup_mk64f12.o(.text)
    I2C2_IRQHandler                          0x000004cf   Thumb Code     4  startup_mk64f12.o(.text)
    CAN0_ORed_Message_buffer_IRQHandler      0x000004d3   Thumb Code     4  startup_mk64f12.o(.text)
    CAN0_Bus_Off_IRQHandler                  0x000004d7   Thumb Code     4  startup_mk64f12.o(.text)
    CAN0_Error_IRQHandler                    0x000004db   Thumb Code     4  startup_mk64f12.o(.text)
    CAN0_Tx_Warning_IRQHandler               0x000004df   Thumb Code     4  startup_mk64f12.o(.text)
    CAN0_Rx_Warning_IRQHandler               0x000004e3   Thumb Code     4  startup_mk64f12.o(.text)
    CAN0_Wake_Up_IRQHandler                  0x000004e7   Thumb Code     4  startup_mk64f12.o(.text)
    SDHC_IRQHandler                          0x000004eb   Thumb Code     4  startup_mk64f12.o(.text)
    ENET_1588_Timer_IRQHandler               0x000004ef   Thumb Code     4  startup_mk64f12.o(.text)
    ENET_Transmit_IRQHandler                 0x000004f3   Thumb Code     4  startup_mk64f12.o(.text)
    ENET_Receive_IRQHandler                  0x000004f7   Thumb Code     4  startup_mk64f12.o(.text)
    ENET_Error_IRQHandler                    0x000004fb   Thumb Code     4  startup_mk64f12.o(.text)
    ADC0_IRQHandler                          0x000004ff   Thumb Code     0  startup_mk64f12.o(.text)
    ADC1_IRQHandler                          0x000004ff   Thumb Code     0  startup_mk64f12.o(.text)
    CAN0_DriverIRQHandler                    0x000004ff   Thumb Code     0  startup_mk64f12.o(.text)
    CMP0_IRQHandler                          0x000004ff   Thumb Code     0  startup_mk64f12.o(.text)
    CMP1_IRQHandler                          0x000004ff   Thumb Code     0  startup_mk64f12.o(.text)
    CMP2_IRQHandler                          0x000004ff   Thumb Code     0  startup_mk64f12.o(.text)
    CMT_IRQHandler                           0x000004ff   Thumb Code     0  startup_mk64f12.o(.text)
    DAC0_IRQHandler                          0x000004ff   Thumb Code     0  startup_mk64f12.o(.text)
    DAC1_IRQHandler                          0x000004ff   Thumb Code     0  startup_mk64f12.o(.text)
    DMA0_DriverIRQHandler                    0x000004ff   Thumb Code     0  startup_mk64f12.o(.text)
    DMA10_DriverIRQHandler                   0x000004ff   Thumb Code     0  startup_mk64f12.o(.text)
    DMA11_DriverIRQHandler                   0x000004ff   Thumb Code     0  startup_mk64f12.o(.text)
    DMA12_DriverIRQHandler                   0x000004ff   Thumb Code     0  startup_mk64f12.o(.text)
    DMA13_DriverIRQHandler                   0x000004ff   Thumb Code     0  startup_mk64f12.o(.text)
    DMA14_DriverIRQHandler                   0x000004ff   Thumb Code     0  startup_mk64f12.o(.text)
    DMA15_DriverIRQHandler                   0x000004ff   Thumb Code     0  startup_mk64f12.o(.text)
    DMA1_DriverIRQHandler                    0x000004ff   Thumb Code     0  startup_mk64f12.o(.text)
    DMA2_DriverIRQHandler                    0x000004ff   Thumb Code     0  startup_mk64f12.o(.text)
    DMA3_DriverIRQHandler                    0x000004ff   Thumb Code     0  startup_mk64f12.o(.text)
    DMA4_DriverIRQHandler                    0x000004ff   Thumb Code     0  startup_mk64f12.o(.text)
    DMA5_DriverIRQHandler                    0x000004ff   Thumb Code     0  startup_mk64f12.o(.text)
    DMA6_DriverIRQHandler                    0x000004ff   Thumb Code     0  startup_mk64f12.o(.text)
    DMA7_DriverIRQHandler                    0x000004ff   Thumb Code     0  startup_mk64f12.o(.text)
    DMA8_DriverIRQHandler                    0x000004ff   Thumb Code     0  startup_mk64f12.o(.text)
    DMA9_DriverIRQHandler                    0x000004ff   Thumb Code     0  startup_mk64f12.o(.text)
    DMA_Error_DriverIRQHandler               0x000004ff   Thumb Code     0  startup_mk64f12.o(.text)
    DefaultISR                               0x000004ff   Thumb Code     0  startup_mk64f12.o(.text)
    ENET_1588_Timer_DriverIRQHandler         0x000004ff   Thumb Code     0  startup_mk64f12.o(.text)
    ENET_Error_DriverIRQHandler              0x000004ff   Thumb Code     0  startup_mk64f12.o(.text)
    ENET_Receive_DriverIRQHandler            0x000004ff   Thumb Code     0  startup_mk64f12.o(.text)
    ENET_Transmit_DriverIRQHandler           0x000004ff   Thumb Code     0  startup_mk64f12.o(.text)
    FTFE_IRQHandler                          0x000004ff   Thumb Code     0  startup_mk64f12.o(.text)
    FTM0_IRQHandler                          0x000004ff   Thumb Code     0  startup_mk64f12.o(.text)
    FTM1_IRQHandler                          0x000004ff   Thumb Code     0  startup_mk64f12.o(.text)
    FTM2_IRQHandler                          0x000004ff   Thumb Code     0  startup_mk64f12.o(.text)
    FTM3_IRQHandler                          0x000004ff   Thumb Code     0  startup_mk64f12.o(.text)
    I2C0_DriverIRQHandler                    0x000004ff   Thumb Code     0  startup_mk64f12.o(.text)
    I2C1_DriverIRQHandler                    0x000004ff   Thumb Code     0  startup_mk64f12.o(.text)
    I2C2_DriverIRQHandler                    0x000004ff   Thumb Code     0  startup_mk64f12.o(.text)
    I2S0_Rx_DriverIRQHandler                 0x000004ff   Thumb Code     0  startup_mk64f12.o(.text)
    I2S0_Tx_DriverIRQHandler                 0x000004ff   Thumb Code     0  startup_mk64f12.o(.text)
    LLWU_IRQHandler                          0x000004ff   Thumb Code     0  startup_mk64f12.o(.text)
    LPTMR0_IRQHandler                        0x000004ff   Thumb Code     0  startup_mk64f12.o(.text)
    LVD_LVW_IRQHandler                       0x000004ff   Thumb Code     0  startup_mk64f12.o(.text)
    MCG_IRQHandler                           0x000004ff   Thumb Code     0  startup_mk64f12.o(.text)
    MCM_IRQHandler                           0x000004ff   Thumb Code     0  startup_mk64f12.o(.text)
    PDB0_IRQHandler                          0x000004ff   Thumb Code     0  startup_mk64f12.o(.text)
    PIT0_IRQHandler                          0x000004ff   Thumb Code     0  startup_mk64f12.o(.text)
    PIT1_IRQHandler                          0x000004ff   Thumb Code     0  startup_mk64f12.o(.text)
    PIT2_IRQHandler                          0x000004ff   Thumb Code     0  startup_mk64f12.o(.text)
    PIT3_IRQHandler                          0x000004ff   Thumb Code     0  startup_mk64f12.o(.text)
    PORTA_IRQHandler                         0x000004ff   Thumb Code     0  startup_mk64f12.o(.text)
    PORTB_IRQHandler                         0x000004ff   Thumb Code     0  startup_mk64f12.o(.text)
    PORTC_IRQHandler                         0x000004ff   Thumb Code     0  startup_mk64f12.o(.text)
    PORTD_IRQHandler                         0x000004ff   Thumb Code     0  startup_mk64f12.o(.text)
    PORTE_IRQHandler                         0x000004ff   Thumb Code     0  startup_mk64f12.o(.text)
    RNG_IRQHandler                           0x000004ff   Thumb Code     0  startup_mk64f12.o(.text)
    RTC_IRQHandler                           0x000004ff   Thumb Code     0  startup_mk64f12.o(.text)
    RTC_Seconds_IRQHandler                   0x000004ff   Thumb Code     0  startup_mk64f12.o(.text)
    Read_Collision_IRQHandler                0x000004ff   Thumb Code     0  startup_mk64f12.o(.text)
    Reserved71_IRQHandler                    0x000004ff   Thumb Code     0  startup_mk64f12.o(.text)
    SDHC_DriverIRQHandler                    0x000004ff   Thumb Code     0  startup_mk64f12.o(.text)
    SPI0_DriverIRQHandler                    0x000004ff   Thumb Code     0  startup_mk64f12.o(.text)
    SPI1_DriverIRQHandler                    0x000004ff   Thumb Code     0  startup_mk64f12.o(.text)
    SPI2_DriverIRQHandler                    0x000004ff   Thumb Code     0  startup_mk64f12.o(.text)
    SWI_IRQHandler                           0x000004ff   Thumb Code     0  startup_mk64f12.o(.text)
    UART0_ERR_DriverIRQHandler               0x000004ff   Thumb Code     0  startup_mk64f12.o(.text)
    UART0_LON_DriverIRQHandler               0x000004ff   Thumb Code     0  startup_mk64f12.o(.text)
    UART0_RX_TX_DriverIRQHandler             0x000004ff   Thumb Code     0  startup_mk64f12.o(.text)
    UART1_ERR_DriverIRQHandler               0x000004ff   Thumb Code     0  startup_mk64f12.o(.text)
    UART1_RX_TX_DriverIRQHandler             0x000004ff   Thumb Code     0  startup_mk64f12.o(.text)
    UART2_ERR_DriverIRQHandler               0x000004ff   Thumb Code     0  startup_mk64f12.o(.text)
    UART2_RX_TX_DriverIRQHandler             0x000004ff   Thumb Code     0  startup_mk64f12.o(.text)
    UART3_ERR_DriverIRQHandler               0x000004ff   Thumb Code     0  startup_mk64f12.o(.text)
    UART3_RX_TX_DriverIRQHandler             0x000004ff   Thumb Code     0  startup_mk64f12.o(.text)
    UART4_ERR_DriverIRQHandler               0x000004ff   Thumb Code     0  startup_mk64f12.o(.text)
    UART4_RX_TX_DriverIRQHandler             0x000004ff   Thumb Code     0  startup_mk64f12.o(.text)
    UART5_ERR_DriverIRQHandler               0x000004ff   Thumb Code     0  startup_mk64f12.o(.text)
    UART5_RX_TX_DriverIRQHandler             0x000004ff   Thumb Code     0  startup_mk64f12.o(.text)
    USB0_IRQHandler                          0x000004ff   Thumb Code     0  startup_mk64f12.o(.text)
    USBDCD_IRQHandler                        0x000004ff   Thumb Code     0  startup_mk64f12.o(.text)
    WDOG_EWM_IRQHandler                      0x000004ff   Thumb Code     0  startup_mk64f12.o(.text)
    __main                                   0x000005dd   Thumb Code     0  framework.o(Myprog)
    SystemInit                               0x000007f1   Thumb Code    34  system_mk64f12.o(i.SystemInit)
    Image$$ARM_LIB_STACK$$ZI$$Limit          0x20030000   Number         0  anon$$obj.o ABSOLUTE



==============================================================================

Memory Map of the image

  Image Entry point : 0x000005dd

  Load Region LR_m_text (Base: 0x00000000, Size: 0x0000081c, Max: 0x00100000, ABSOLUTE)

    Execution Region VECTOR_ROM (Exec base: 0x00000000, Load base: 0x00000000, Size: 0x00000400, Max: 0x00000400, ABSOLUTE)

    Exec Addr    Load Addr    Size         Type   Attr      Idx    E Section Name        Object

    0x00000000   0x00000000   0x00000400   Data   RO            8    RESET               startup_mk64f12.o


    Execution Region ER_m_flash_config (Exec base: 0x00000400, Load base: 0x00000400, Size: 0x00000010, Max: 0x00000010, ABSOLUTE, FIXED)

    Exec Addr    Load Addr    Size         Type   Attr      Idx    E Section Name        Object

    0x00000400   0x00000400   0x00000010   Data   RO            9    FlashConfig         startup_mk64f12.o


    Execution Region ER_m_text (Exec base: 0x00000410, Load base: 0x00000410, Size: 0x0000040c, Max: 0x000ffbf0, ABSOLUTE)

    Exec Addr    Load Addr    Size         Type   Attr      Idx    E Section Name        Object

    0x00000410   0x00000410   0x000001cc   Code   RO           10    .text               startup_mk64f12.o
    0x000005dc   0x000005dc   0x00000214   Code   RO            3  * Myprog              framework.o
    0x000007f0   0x000007f0   0x0000002c   Code   RO           18    i.SystemInit        system_mk64f12.o


    Execution Region RW_m_data (Exec base: 0x1fff0000, Load base: 0x0000081c, Size: 0x00000000, Max: 0x00010000, ABSOLUTE)

    **** No section assigned to this execution region ****


    Execution Region RW_m_data_2 (Exec base: 0x20000000, Load base: 0x0000081c, Size: 0x00000000, Max: 0x0002f800, ABSOLUTE)

    **** No section assigned to this execution region ****


    Execution Region ARM_LIB_HEAP (Exec base: 0x20000000, Load base: 0x0000081c, Size: 0x00000400, Max: 0x00000400, ABSOLUTE)

    Exec Addr    Load Addr    Size         Type   Attr      Idx    E Section Name        Object

    0x20000000        -       0x00000400   Zero   RW            1    ARM_LIB_HEAP.bss    anon$$obj.o


    Execution Region ARM_LIB_STACK (Exec base: 0x2002fc00, Load base: 0x0000081c, Size: 0x00000400, Max: 0x00000400, ABSOLUTE)

    Exec Addr    Load Addr    Size         Type   Attr      Idx    E Section Name        Object

    0x2002fc00        -       0x00000400   Zero   RW            2    ARM_LIB_STACK.bss   anon$$obj.o


==============================================================================

Image component sizes


      Code (inc. data)   RO Data    RW Data    ZI Data      Debug   Object Name

       532         20          0          0          0        396   framework.o
       460        218       1040          0          0       3252   startup_mk64f12.o
        44         10          0          0          0       1945   system_mk64f12.o

    ----------------------------------------------------------------------
      1036        248       1040          0       2048       5593   Object Totals
         0          0          0          0       2048          0   (incl. Generated)
         0          0          0          0          0          0   (incl. Padding)

    ----------------------------------------------------------------------
         0          0          0          0          0          0   Library Totals
         0          0          0          0          0          0   (incl. Padding)

    ----------------------------------------------------------------------

==============================================================================


      Code (inc. data)   RO Data    RW Data    ZI Data      Debug   

      1036        248       1040          0       2048       5593   Grand Totals
      1036        248       1040          0       2048       5593   ELF Image Totals
      1036        248       1040          0          0          0   ROM Totals

==============================================================================

    Total RO  Size (Code + RO Data)                 2076 (   2.03kB)
    Total RW  Size (RW Data + ZI Data)              2048 (   2.00kB)
    Total ROM Size (Code + RO Data + RW Data)       2076 (   2.03kB)

==============================================================================

